// Jest Snapshot v1, https://goo.gl/fbAQLP

exports[`<AccountSelector  /> should match snapshot 1`] = `
.c5 {
  display: -webkit-box;
  display: -webkit-flex;
  display: -ms-flexbox;
  display: flex;
  box-sizing: border-box;
  max-width: 100%;
  margin: 24px;
  min-width: 0;
  min-height: 0;
  -webkit-flex-direction: column;
  -ms-flex-direction: column;
  flex-direction: column;
  width: auto;
  padding-top: 12px;
  padding-bottom: 12px;
}

.c7 {
  display: -webkit-box;
  display: -webkit-flex;
  display: -ms-flexbox;
  display: flex;
  box-sizing: border-box;
  max-width: 100%;
  min-width: 0;
  min-height: 0;
  -webkit-flex-direction: column;
  -ms-flex-direction: column;
  flex-direction: column;
  max-height: 400px;
  padding-top: 24px;
  padding-bottom: 24px;
  padding-right: 12px;
  overflow-y: auto;
}

.c8 {
  display: -webkit-box;
  display: -webkit-flex;
  display: -ms-flexbox;
  display: flex;
  box-sizing: border-box;
  max-width: 100%;
  border: solid 1px #0092f6;
  min-width: 0;
  min-height: 0;
  -webkit-flex-direction: row;
  -ms-flex-direction: row;
  flex-direction: row;
  -webkit-flex: 1 0 auto;
  -ms-flex: 1 0 auto;
  flex: 1 0 auto;
  width: 100%;
  padding: 12px;
  border-radius: 5px;
  cursor: pointer;
}

.c8:hover {
  background-color: #0092f6;
  color: #FFFFFF;
}

.c9 {
  display: -webkit-box;
  display: -webkit-flex;
  display: -ms-flexbox;
  display: flex;
  box-sizing: border-box;
  max-width: 100%;
  min-width: 0;
  min-height: 0;
  -webkit-flex-direction: column;
  -ms-flex-direction: column;
  flex-direction: column;
  -webkit-flex: 1 0 auto;
  -ms-flex: 1 0 auto;
  flex: 1 0 auto;
}

.c10 {
  display: -webkit-box;
  display: -webkit-flex;
  display: -ms-flexbox;
  display: flex;
  box-sizing: border-box;
  max-width: 100%;
  min-width: 0;
  min-height: 0;
  -webkit-flex-direction: column;
  -ms-flex-direction: column;
  flex-direction: column;
}

.c12 {
  display: -webkit-box;
  display: -webkit-flex;
  display: -ms-flexbox;
  display: flex;
  box-sizing: border-box;
  max-width: 100%;
  min-width: 0;
  min-height: 0;
  -webkit-flex-direction: row;
  -ms-flex-direction: row;
  flex-direction: row;
}

.c13 {
  display: -webkit-box;
  display: -webkit-flex;
  display: -ms-flexbox;
  display: flex;
  box-sizing: border-box;
  max-width: 100%;
  -webkit-align-items: flex-start;
  -webkit-box-align: flex-start;
  -ms-flex-align: flex-start;
  align-items: flex-start;
  min-width: 0;
  min-height: 0;
  -webkit-flex-direction: row;
  -ms-flex-direction: row;
  flex-direction: row;
  -webkit-flex: 1 0 auto;
  -ms-flex: 1 0 auto;
  flex: 1 0 auto;
}

.c14 {
  display: -webkit-box;
  display: -webkit-flex;
  display: -ms-flexbox;
  display: flex;
  box-sizing: border-box;
  max-width: 100%;
  min-width: 0;
  min-height: 0;
  -webkit-flex-direction: row;
  -ms-flex-direction: row;
  flex-direction: row;
}

.c16 {
  display: -webkit-box;
  display: -webkit-flex;
  display: -ms-flexbox;
  display: flex;
  box-sizing: border-box;
  max-width: 100%;
  -webkit-align-items: flex-end;
  -webkit-box-align: flex-end;
  -ms-flex-align: flex-end;
  align-items: flex-end;
  min-width: 0;
  min-height: 0;
  -webkit-flex-direction: column;
  -ms-flex-direction: column;
  flex-direction: column;
  padding-top: 24px;
}

.c11 {
  font-size: 18px;
  line-height: 24px;
  font-weight: bold;
}

.c15 {
  margin-left: 3px;
  font-size: 18px;
  line-height: 24px;
}

.c17 {
  display: inline-block;
  box-sizing: border-box;
  cursor: pointer;
  font: inherit;
  -webkit-text-decoration: none;
  text-decoration: none;
  margin: 0;
  background: transparent;
  overflow: visible;
  text-transform: none;
  border: 2px solid #0092f6;
  border-radius: 4px;
  color: #444444;
  padding: 4px 22px;
  font-size: 18px;
  line-height: 24px;
  background-color: #0092f6;
  color: #f8f8f8;
  border-radius: 4px;
  -webkit-transition-property: color,background-color,border-color,box-shadow;
  transition-property: color,background-color,border-color,box-shadow;
  -webkit-transition-duration: 0.1s;
  transition-duration: 0.1s;
  -webkit-transition-timing-function: ease-in-out;
  transition-timing-function: ease-in-out;
  font-weight: bold;
}

.c17:hover {
  box-shadow: 0px 0px 0px 2px #0092f6;
}

.c17:focus {
  outline: none;
  box-shadow: 0 0 2px 2px #6FFFB0;
}

.c17:focus > circle,
.c17:focus > ellipse,
.c17:focus > line,
.c17:focus > path,
.c17:focus > polygon,
.c17:focus > polyline,
.c17:focus > rect {
  outline: none;
  box-shadow: 0 0 2px 2px #6FFFB0;
}

.c17:focus::-moz-focus-inner {
  border: 0;
}

.c17:focus:not(:focus-visible) {
  outline: none;
  box-shadow: none;
}

.c17:focus:not(:focus-visible) > circle,
.c17:focus:not(:focus-visible) > ellipse,
.c17:focus:not(:focus-visible) > line,
.c17:focus:not(:focus-visible) > path,
.c17:focus:not(:focus-visible) > polygon,
.c17:focus:not(:focus-visible) > polyline,
.c17:focus:not(:focus-visible) > rect {
  outline: none;
  box-shadow: none;
}

.c17:focus:not(:focus-visible)::-moz-focus-inner {
  border: 0;
}

.c6 {
  margin-top: 12px;
  margin-bottom: 12px;
  font-size: 1;
  line-height: normal;
  max-width: 1200px;
  font-weight: 600;
}

.c0 {
  font-family: Rubik;
  font-size: 18px;
  line-height: 24px;
  background-color: #ffffff;
  color: #444444;
  box-sizing: border-box;
  -webkit-text-size-adjust: 100%;
  -ms-text-size-adjust: 100%;
  -moz-osx-font-smoothing: grayscale;
  -webkit-font-smoothing: antialiased;
}

.c1 {
  font-family: Rubik;
  font-size: 18px;
  line-height: 24px;
  background-color: #ffffff;
  color: #444444;
  box-sizing: border-box;
  -webkit-text-size-adjust: 100%;
  -ms-text-size-adjust: 100%;
  -moz-osx-font-smoothing: grayscale;
  -webkit-font-smoothing: antialiased;
  background: transparent;
  position: relative;
  z-index: 20;
  pointer-events: none;
  outline: none;
  position: fixed;
  top: 0px;
  left: 0px;
  right: 0px;
  bottom: 0px;
}

.c2 {
  position: absolute;
  top: 0px;
  left: 0px;
  right: 0px;
  bottom: 0px;
  background-color: rgba(0,0,0,0.5);
  color: #f8f8f8;
  pointer-events: all;
  will-change: transform;
}

.c3 {
  display: -webkit-box;
  display: -webkit-flex;
  display: -ms-flexbox;
  display: flex;
  -webkit-flex-direction: column;
  -ms-flex-direction: column;
  flex-direction: column;
  min-height: 48px;
  background-color: #FFFFFF;
  color: #444444;
  outline: none;
  pointer-events: all;
  z-index: 20;
  position: absolute;
  max-height: calc(100% - 0px - 0px);
  max-width: calc(100% - 0px - 0px);
  border-radius: 4px;
  top: 50%;
  left: 50%;
  -webkit-transform: translate(-50%,-50%);
  -ms-transform: translate(-50%,-50%);
  transform: translate(-50%,-50%);
  -webkit-animation: hWAzxx 0.2s ease-in-out forwards;
  animation: hWAzxx 0.2s ease-in-out forwards;
}

.c4 {
  width: 0;
  height: 0;
  overflow: hidden;
  position: absolute;
}

@media only screen and (max-width:768px) {
  .c5 {
    margin: 12px;
  }
}

@media only screen and (max-width:768px) {
  .c5 {
    padding-top: 6px;
    padding-bottom: 6px;
  }
}

@media only screen and (max-width:768px) {
  .c7 {
    padding-top: 12px;
    padding-bottom: 12px;
  }
}

@media only screen and (max-width:768px) {
  .c7 {
    padding-right: 6px;
  }
}

@media only screen and (max-width:768px) {
  .c8 {
    border: solid 1px #0092f6;
  }
}

@media only screen and (max-width:768px) {
  .c8 {
    padding: 6px;
  }
}

@media only screen and (max-width:768px) {
  .c12 {
    -webkit-flex-direction: column;
    -ms-flex-direction: column;
    flex-direction: column;
    -webkit-flex-basis: auto;
    -ms-flex-preferred-size: auto;
    flex-basis: auto;
    -webkit-box-pack: start;
    -webkit-justify-content: flex-start;
    -ms-flex-pack: start;
    justify-content: flex-start;
    -webkit-align-items: stretch;
    -webkit-box-align: stretch;
    -ms-flex-align: stretch;
    align-items: stretch;
  }
}

@media only screen and (max-width:768px) {
  .c16 {
    padding-top: 12px;
  }
}

@media only screen and (max-width:768px) {
  .c6 {
    margin-top: 6px;
    margin-bottom: 6px;
  }
}

@media only screen and (max-width:768px) {
  .c1 {
    position: fixed;
    width: 100%;
    height: 100%;
    min-height: 100vh;
  }
}

@media only screen and (max-width:768px) {
  .c2 {
    position: relative;
  }
}

@media only screen and (max-width:768px) {
  .c3 {
    position: relative;
    max-height: none;
    max-width: none;
    border-radius: 0;
    height: 100vh;
    width: 100vw;
  }
}

<body
  style=""
>
  <div>
    <div
      class="c0"
      style="min-height: 100vh;"
    />
  </div>
  <div>
    <div
      aria-hidden="false"
    >
      <div
        class="c1"
        tabindex="-1"
      >
        <div
          class="c2"
        />
        <div
          class="c3"
          data-g-portal-id="0"
          style="overflow-y: auto;"
        >
          <a
            aria-hidden="true"
            class="c4"
            tabindex="-1"
          />
          <div>
            <div
              class="c5"
            >
              <h1
                class="c6"
                size="1"
              >
                toolbar.wallets.switchOtherWallet
              </h1>
              <div
                class="c7"
              >
                <div
                  class="c8"
                  data-testid="account-choice"
                  tabindex="0"
                >
                  <div
                    class="c9"
                  >
                    <div
                      class="c10"
                    >
                      <span
                        class="c11"
                      >
                        oasis1qq3x...rscnlwxe
                      </span>
                    </div>
                    <div
                      class="c12"
                    >
                      <div
                        class="c13"
                      >
                        toolbar.wallets.type.ledger
                         
                      </div>
                      <div
                        class="c14"
                      >
                        0.0000001
                        <span
                          class="c15"
                        />
                      </div>
                    </div>
                  </div>
                </div>
              </div>
              <div
                class="c16"
              >
                <button
                  class="c17"
                  type="button"
                >
                  toolbar.wallets.close
                </button>
              </div>
            </div>
          </div>
        </div>
      </div>
    </div>
  </div>
</body>
`;
